// Jest Snapshot v1, https://goo.gl/fbAQLP

exports[`Test Suite 1 should match snapshot 1`] = `
<div
  style={
    Object {
      "display": "flex",
      "minHeight": "100vh",
      "width": "100%",
    }
  }
>
  <p
    style={
      Object {
        "textAlign": "center",
      }
    }
  >
    Sample Prisma Issue
  </p>
</div>
`;
